mode: set
github.com/groovarr/groovarr/backend/internal/api/auth.go:13.53,14.71 1 0
github.com/groovarr/groovarr/backend/internal/api/auth.go:14.71,16.46 1 0
github.com/groovarr/groovarr/backend/internal/api/auth.go:16.46,19.4 2 0
github.com/groovarr/groovarr/backend/internal/api/auth.go:22.3,23.17 2 0
github.com/groovarr/groovarr/backend/internal/api/auth.go:23.17,28.4 3 0
github.com/groovarr/groovarr/backend/internal/api/auth.go:31.3,32.45 2 0
github.com/groovarr/groovarr/backend/internal/api/auth.go:32.45,36.4 3 0
github.com/groovarr/groovarr/backend/internal/api/auth.go:38.3,39.17 2 0
github.com/groovarr/groovarr/backend/internal/api/auth.go:39.17,43.4 3 0
github.com/groovarr/groovarr/backend/internal/api/auth.go:45.3,46.21 2 0
github.com/groovarr/groovarr/backend/internal/api/auth.go:46.21,50.4 3 0
github.com/groovarr/groovarr/backend/internal/api/auth.go:52.3,57.55 4 0
github.com/groovarr/groovarr/backend/internal/api/auth.go:57.55,61.4 2 0
github.com/groovarr/groovarr/backend/internal/api/auth.go:63.3,63.67 1 0
github.com/groovarr/groovarr/backend/internal/api/auth.go:63.67,67.4 3 0
github.com/groovarr/groovarr/backend/internal/api/auth.go:69.3,69.23 1 0
github.com/groovarr/groovarr/backend/internal/api/handlers.go:16.60,17.18 1 0
github.com/groovarr/groovarr/backend/internal/api/handlers.go:18.22,20.17 2 0
github.com/groovarr/groovarr/backend/internal/api/handlers.go:20.17,23.4 2 0
github.com/groovarr/groovarr/backend/internal/api/handlers.go:24.3,25.37 2 0
github.com/groovarr/groovarr/backend/internal/api/handlers.go:27.23,32.62 2 0
github.com/groovarr/groovarr/backend/internal/api/handlers.go:32.62,35.4 2 0
github.com/groovarr/groovarr/backend/internal/api/handlers.go:36.3,36.21 1 0
github.com/groovarr/groovarr/backend/internal/api/handlers.go:36.21,39.4 2 0
github.com/groovarr/groovarr/backend/internal/api/handlers.go:40.3,42.17 3 0
github.com/groovarr/groovarr/backend/internal/api/handlers.go:42.17,45.4 2 0
github.com/groovarr/groovarr/backend/internal/api/handlers.go:46.3,47.17 2 0
github.com/groovarr/groovarr/backend/internal/api/handlers.go:47.17,50.4 2 0
github.com/groovarr/groovarr/backend/internal/api/handlers.go:51.3,52.36 2 0
github.com/groovarr/groovarr/backend/internal/api/handlers.go:54.25,58.62 2 0
github.com/groovarr/groovarr/backend/internal/api/handlers.go:58.62,61.4 2 0
github.com/groovarr/groovarr/backend/internal/api/handlers.go:62.3,62.21 1 0
github.com/groovarr/groovarr/backend/internal/api/handlers.go:62.21,65.4 2 0
github.com/groovarr/groovarr/backend/internal/api/handlers.go:66.3,67.34 2 0
github.com/groovarr/groovarr/backend/internal/api/handlers.go:67.34,70.4 2 0
github.com/groovarr/groovarr/backend/internal/api/handlers.go:71.3,71.55 1 0
github.com/groovarr/groovarr/backend/internal/api/handlers.go:71.55,74.4 2 0
github.com/groovarr/groovarr/backend/internal/api/handlers.go:75.3,75.31 1 0
github.com/groovarr/groovarr/backend/internal/api/handlers.go:77.10,78.67 1 0
github.com/groovarr/groovarr/backend/internal/api/handlers.go:83.65,88.2 2 0
github.com/groovarr/groovarr/backend/internal/api/handlers.go:91.60,97.2 2 0
github.com/groovarr/groovarr/backend/internal/api/handlers.go:101.61,104.16 3 0
github.com/groovarr/groovarr/backend/internal/api/handlers.go:104.16,105.36 1 0
github.com/groovarr/groovarr/backend/internal/api/handlers.go:105.36,107.4 1 0
github.com/groovarr/groovarr/backend/internal/api/handlers.go:108.3,109.9 2 0
github.com/groovarr/groovarr/backend/internal/api/handlers.go:111.2,112.16 2 0
github.com/groovarr/groovarr/backend/internal/api/handlers.go:112.16,115.3 2 0
github.com/groovarr/groovarr/backend/internal/api/handlers.go:116.2,117.36 2 0
github.com/groovarr/groovarr/backend/internal/api/handlers.go:121.62,124.16 3 0
github.com/groovarr/groovarr/backend/internal/api/handlers.go:124.16,125.36 1 0
github.com/groovarr/groovarr/backend/internal/api/handlers.go:125.36,127.4 1 0
github.com/groovarr/groovarr/backend/internal/api/handlers.go:128.3,129.9 2 0
github.com/groovarr/groovarr/backend/internal/api/handlers.go:131.2,132.16 2 0
github.com/groovarr/groovarr/backend/internal/api/handlers.go:132.16,135.3 2 0
github.com/groovarr/groovarr/backend/internal/api/handlers.go:136.2,137.37 2 0
github.com/groovarr/groovarr/backend/internal/api/handlers.go:143.59,149.44 4 0
github.com/groovarr/groovarr/backend/internal/api/handlers.go:149.45,152.3 0 0
github.com/groovarr/groovarr/backend/internal/api/handlers.go:154.2,155.16 2 0
github.com/groovarr/groovarr/backend/internal/api/handlers.go:155.16,158.3 2 0
github.com/groovarr/groovarr/backend/internal/api/handlers.go:162.2,163.11 2 0
github.com/groovarr/groovarr/backend/internal/api/handlers.go:163.11,169.15 6 0
github.com/groovarr/groovarr/backend/internal/api/handlers.go:169.15,171.29 2 0
github.com/groovarr/groovarr/backend/internal/api/handlers.go:171.29,178.5 1 0
github.com/groovarr/groovarr/backend/internal/api/handlers.go:179.4,179.43 1 0
github.com/groovarr/groovarr/backend/internal/api/handlers.go:179.43,179.87 1 0
github.com/groovarr/groovarr/backend/internal/api/handlers.go:180.4,181.14 2 0
github.com/groovarr/groovarr/backend/internal/api/handlers.go:181.14,183.5 1 0
github.com/groovarr/groovarr/backend/internal/api/handlers.go:183.10,185.5 1 0
github.com/groovarr/groovarr/backend/internal/api/handlers.go:186.4,186.14 1 0
github.com/groovarr/groovarr/backend/internal/api/handlers.go:186.14,188.5 1 0
github.com/groovarr/groovarr/backend/internal/api/handlers.go:190.3,196.4 1 0
github.com/groovarr/groovarr/backend/internal/api/handlers.go:199.2,201.33 3 0
github.com/groovarr/groovarr/backend/internal/api/handlers.go:226.58,229.16 3 0
github.com/groovarr/groovarr/backend/internal/api/handlers.go:229.16,232.3 2 0
github.com/groovarr/groovarr/backend/internal/api/handlers.go:233.2,234.36 2 0
github.com/groovarr/groovarr/backend/internal/api/handlers.go:238.59,242.16 4 0
github.com/groovarr/groovarr/backend/internal/api/handlers.go:242.16,245.3 2 0
github.com/groovarr/groovarr/backend/internal/api/handlers.go:246.2,247.36 2 0
github.com/groovarr/groovarr/backend/internal/api/handlers.go:251.62,252.18 1 0
github.com/groovarr/groovarr/backend/internal/api/handlers.go:253.22,255.16 2 0
github.com/groovarr/groovarr/backend/internal/api/handlers.go:255.16,258.4 2 0
github.com/groovarr/groovarr/backend/internal/api/handlers.go:259.3,261.73 3 0
github.com/groovarr/groovarr/backend/internal/api/handlers.go:262.23,267.62 2 0
github.com/groovarr/groovarr/backend/internal/api/handlers.go:267.62,270.4 2 0
github.com/groovarr/groovarr/backend/internal/api/handlers.go:271.3,271.65 1 0
github.com/groovarr/groovarr/backend/internal/api/handlers.go:271.65,274.4 2 0
github.com/groovarr/groovarr/backend/internal/api/handlers.go:276.3,276.42 1 0
github.com/groovarr/groovarr/backend/internal/api/handlers.go:276.42,277.19 1 0
github.com/groovarr/groovarr/backend/internal/api/handlers.go:280.57,281.25 1 0
github.com/groovarr/groovarr/backend/internal/api/handlers.go:284.3,285.83 2 0
github.com/groovarr/groovarr/backend/internal/api/handlers.go:286.10,287.67 1 0
github.com/groovarr/groovarr/backend/internal/api/handlers.go:295.58,300.33 4 0
github.com/groovarr/groovarr/backend/internal/api/handlers.go:300.33,303.3 2 0
github.com/groovarr/groovarr/backend/internal/api/handlers.go:305.2,306.28 2 0
github.com/groovarr/groovarr/backend/internal/api/handlers.go:306.28,309.3 2 0
github.com/groovarr/groovarr/backend/internal/api/handlers.go:311.2,311.18 1 0
github.com/groovarr/groovarr/backend/internal/api/handlers.go:312.22,319.5 3 0
github.com/groovarr/groovarr/backend/internal/api/handlers.go:320.23,321.18 1 0
github.com/groovarr/groovarr/backend/internal/api/handlers.go:321.18,324.4 2 0
github.com/groovarr/groovarr/backend/internal/api/handlers.go:325.3,325.68 1 0
github.com/groovarr/groovarr/backend/internal/api/handlers.go:325.68,328.4 2 0
github.com/groovarr/groovarr/backend/internal/api/handlers.go:329.3,329.31 1 0
github.com/groovarr/groovarr/backend/internal/api/handlers.go:330.25,331.18 1 0
github.com/groovarr/groovarr/backend/internal/api/handlers.go:331.18,334.4 2 0
github.com/groovarr/groovarr/backend/internal/api/handlers.go:335.3,335.68 1 0
github.com/groovarr/groovarr/backend/internal/api/handlers.go:335.68,338.4 2 0
github.com/groovarr/groovarr/backend/internal/api/handlers.go:339.3,339.31 1 0
github.com/groovarr/groovarr/backend/internal/api/handlers.go:340.10,341.67 1 0
github.com/groovarr/groovarr/backend/internal/api/handlers.go:346.68,348.16 2 0
github.com/groovarr/groovarr/backend/internal/api/handlers.go:348.16,351.3 2 0
github.com/groovarr/groovarr/backend/internal/api/handlers.go:352.2,353.36 2 0
github.com/groovarr/groovarr/backend/internal/api/hit_fallen.go:31.63,32.32 1 0
github.com/groovarr/groovarr/backend/internal/api/hit_fallen.go:32.32,35.3 2 0
github.com/groovarr/groovarr/backend/internal/api/hit_fallen.go:37.2,38.46 2 0
github.com/groovarr/groovarr/backend/internal/api/hit_fallen.go:38.46,39.65 1 0
github.com/groovarr/groovarr/backend/internal/api/hit_fallen.go:39.65,41.4 1 0
github.com/groovarr/groovarr/backend/internal/api/hit_fallen.go:44.2,52.16 2 0
github.com/groovarr/groovarr/backend/internal/api/hit_fallen.go:52.16,55.3 2 0
github.com/groovarr/groovarr/backend/internal/api/hit_fallen.go:56.2,69.18 4 0
github.com/groovarr/groovarr/backend/internal/api/hit_fallen.go:69.18,71.131 2 0
github.com/groovarr/groovarr/backend/internal/api/hit_fallen.go:71.131,74.4 2 0
github.com/groovarr/groovarr/backend/internal/api/hit_fallen.go:75.3,75.23 1 0
github.com/groovarr/groovarr/backend/internal/api/hit_fallen.go:77.2,77.35 1 0
github.com/groovarr/groovarr/backend/internal/api/hit_fallen.go:77.35,80.3 2 0
github.com/groovarr/groovarr/backend/internal/api/hit_fallen.go:83.2,84.24 2 0
github.com/groovarr/groovarr/backend/internal/api/hit_fallen.go:84.24,98.3 2 0
github.com/groovarr/groovarr/backend/internal/api/hit_fallen.go:100.2,101.68 2 0
github.com/groovarr/groovarr/backend/internal/api/import.go:38.66,39.32 1 0
github.com/groovarr/groovarr/backend/internal/api/import.go:39.32,42.3 2 0
github.com/groovarr/groovarr/backend/internal/api/import.go:44.2,46.16 3 0
github.com/groovarr/groovarr/backend/internal/api/import.go:46.16,47.36 1 0
github.com/groovarr/groovarr/backend/internal/api/import.go:47.36,49.4 1 0
github.com/groovarr/groovarr/backend/internal/api/import.go:50.3,51.9 2 0
github.com/groovarr/groovarr/backend/internal/api/import.go:55.2,57.29 3 0
github.com/groovarr/groovarr/backend/internal/api/import.go:57.29,59.3 1 0
github.com/groovarr/groovarr/backend/internal/api/import.go:62.2,64.33 3 0
github.com/groovarr/groovarr/backend/internal/api/import.go:64.33,66.3 1 0
github.com/groovarr/groovarr/backend/internal/api/import.go:69.2,70.16 2 0
github.com/groovarr/groovarr/backend/internal/api/import.go:70.16,73.3 2 0
github.com/groovarr/groovarr/backend/internal/api/import.go:76.2,78.36 3 0
github.com/groovarr/groovarr/backend/internal/api/import.go:78.36,80.3 1 0
github.com/groovarr/groovarr/backend/internal/api/import.go:83.2,84.35 2 0
github.com/groovarr/groovarr/backend/internal/api/import.go:84.35,98.3 1 0
github.com/groovarr/groovarr/backend/internal/api/import.go:101.2,103.45 3 0
github.com/groovarr/groovarr/backend/internal/api/import.go:103.45,104.53 1 0
github.com/groovarr/groovarr/backend/internal/api/import.go:104.53,106.4 1 0
github.com/groovarr/groovarr/backend/internal/api/import.go:108.2,108.46 1 0
github.com/groovarr/groovarr/backend/internal/api/import.go:108.46,109.53 1 0
github.com/groovarr/groovarr/backend/internal/api/import.go:109.53,111.4 1 0
github.com/groovarr/groovarr/backend/internal/api/import.go:114.2,116.21 3 0
github.com/groovarr/groovarr/backend/internal/api/import.go:116.21,118.3 1 0
github.com/groovarr/groovarr/backend/internal/api/import.go:120.2,122.19 3 0
github.com/groovarr/groovarr/backend/internal/api/import.go:122.19,124.3 1 0
github.com/groovarr/groovarr/backend/internal/api/import.go:125.2,125.17 1 0
github.com/groovarr/groovarr/backend/internal/api/import.go:125.17,127.3 1 0
github.com/groovarr/groovarr/backend/internal/api/import.go:129.2,136.4 2 0
github.com/groovarr/groovarr/backend/internal/api/import.go:155.70,156.33 1 0
github.com/groovarr/groovarr/backend/internal/api/import.go:156.33,159.3 2 0
github.com/groovarr/groovarr/backend/internal/api/import.go:161.2,162.61 2 0
github.com/groovarr/groovarr/backend/internal/api/import.go:162.61,165.3 2 0
github.com/groovarr/groovarr/backend/internal/api/import.go:167.2,169.16 3 0
github.com/groovarr/groovarr/backend/internal/api/import.go:169.16,170.36 1 0
github.com/groovarr/groovarr/backend/internal/api/import.go:170.36,172.4 1 0
github.com/groovarr/groovarr/backend/internal/api/import.go:173.3,174.9 2 0
github.com/groovarr/groovarr/backend/internal/api/import.go:178.2,180.29 3 0
github.com/groovarr/groovarr/backend/internal/api/import.go:180.29,182.3 1 0
github.com/groovarr/groovarr/backend/internal/api/import.go:184.2,188.44 4 0
github.com/groovarr/groovarr/backend/internal/api/import.go:188.44,190.17 2 0
github.com/groovarr/groovarr/backend/internal/api/import.go:190.17,192.12 2 0
github.com/groovarr/groovarr/backend/internal/api/import.go:195.3,196.17 2 0
github.com/groovarr/groovarr/backend/internal/api/import.go:196.17,198.12 2 0
github.com/groovarr/groovarr/backend/internal/api/import.go:202.3,203.36 2 0
github.com/groovarr/groovarr/backend/internal/api/import.go:203.36,205.12 2 0
github.com/groovarr/groovarr/backend/internal/api/import.go:209.3,210.23 2 0
github.com/groovarr/groovarr/backend/internal/api/import.go:210.23,212.4 1 0
github.com/groovarr/groovarr/backend/internal/api/import.go:215.3,216.98 2 0
github.com/groovarr/groovarr/backend/internal/api/import.go:216.98,218.12 2 0
github.com/groovarr/groovarr/backend/internal/api/import.go:227.3,227.75 1 0
github.com/groovarr/groovarr/backend/internal/api/import.go:227.75,230.49 2 0
github.com/groovarr/groovarr/backend/internal/api/import.go:230.49,233.5 1 0
github.com/groovarr/groovarr/backend/internal/api/import.go:236.3,236.13 1 0
github.com/groovarr/groovarr/backend/internal/api/import.go:239.2,244.4 2 0
github.com/groovarr/groovarr/backend/internal/api/import.go:248.44,249.15 1 0
github.com/groovarr/groovarr/backend/internal/api/import.go:249.15,251.3 1 0
github.com/groovarr/groovarr/backend/internal/api/import.go:252.2,252.15 1 0
github.com/groovarr/groovarr/backend/internal/api/lidarr_errors.go:28.82,30.67 2 0
github.com/groovarr/groovarr/backend/internal/api/lidarr_errors.go:30.67,32.3 1 0
github.com/groovarr/groovarr/backend/internal/api/lidarr_errors.go:34.2,40.23 2 0
github.com/groovarr/groovarr/backend/internal/api/lidarr_errors.go:41.36,43.75 2 0
github.com/groovarr/groovarr/backend/internal/api/lidarr_errors.go:44.31,47.25 3 0
github.com/groovarr/groovarr/backend/internal/api/lidarr_errors.go:47.25,49.4 1 0
github.com/groovarr/groovarr/backend/internal/api/lidarr_errors.go:50.10,52.73 2 0
github.com/groovarr/groovarr/backend/internal/api/lidarr_errors.go:55.2,58.13 4 0
github.com/groovarr/groovarr/backend/internal/api/manage.go:15.66,16.32 1 0
github.com/groovarr/groovarr/backend/internal/api/manage.go:16.32,19.3 2 0
github.com/groovarr/groovarr/backend/internal/api/manage.go:22.2,26.58 4 0
github.com/groovarr/groovarr/backend/internal/api/manage.go:26.58,29.3 2 0
github.com/groovarr/groovarr/backend/internal/api/manage.go:30.2,32.16 3 0
github.com/groovarr/groovarr/backend/internal/api/manage.go:32.16,35.3 2 0
github.com/groovarr/groovarr/backend/internal/api/manage.go:38.2,39.33 2 0
github.com/groovarr/groovarr/backend/internal/api/manage.go:39.33,42.3 2 0
github.com/groovarr/groovarr/backend/internal/api/manage.go:45.2,47.16 3 0
github.com/groovarr/groovarr/backend/internal/api/manage.go:47.16,48.37 1 0
github.com/groovarr/groovarr/backend/internal/api/manage.go:48.37,50.4 1 0
github.com/groovarr/groovarr/backend/internal/api/manage.go:51.3,52.9 2 0
github.com/groovarr/groovarr/backend/internal/api/manage.go:56.2,57.16 2 0
github.com/groovarr/groovarr/backend/internal/api/manage.go:57.16,60.3 2 0
github.com/groovarr/groovarr/backend/internal/api/manage.go:63.3,67.66 3 0
github.com/groovarr/groovarr/backend/internal/api/manage.go:67.66,68.27 1 0
github.com/groovarr/groovarr/backend/internal/api/manage.go:68.27,70.5 1 0
github.com/groovarr/groovarr/backend/internal/api/manage.go:74.2,77.31 3 0
github.com/groovarr/groovarr/backend/internal/api/manage.go:77.31,90.25 4 0
github.com/groovarr/groovarr/backend/internal/api/manage.go:90.25,92.4 1 0
github.com/groovarr/groovarr/backend/internal/api/manage.go:93.3,93.31 1 0
github.com/groovarr/groovarr/backend/internal/api/manage.go:93.31,94.38 1 0
github.com/groovarr/groovarr/backend/internal/api/manage.go:94.38,100.42 2 0
github.com/groovarr/groovarr/backend/internal/api/manage.go:100.42,102.6 1 0
github.com/groovarr/groovarr/backend/internal/api/manage.go:103.5,112.33 1 0
github.com/groovarr/groovarr/backend/internal/api/manage.go:112.33,112.75 1 0
github.com/groovarr/groovarr/backend/internal/api/manage.go:112.75,112.88 1 0
github.com/groovarr/groovarr/backend/internal/api/manage.go:112.90,112.100 1 0
github.com/groovarr/groovarr/backend/internal/api/manage.go:119.2,131.37 3 0
github.com/groovarr/groovarr/backend/internal/api/manage.go:171.39,173.2 1 0
github.com/groovarr/groovarr/backend/internal/api/manage.go:174.39,176.2 1 0
github.com/groovarr/groovarr/backend/internal/api/manage.go:179.31,180.14 1 0
github.com/groovarr/groovarr/backend/internal/api/manage.go:180.14,182.3 1 0
github.com/groovarr/groovarr/backend/internal/api/manage.go:183.2,183.11 1 0
github.com/groovarr/groovarr/backend/internal/api/track_state.go:13.64,14.33 1 1
github.com/groovarr/groovarr/backend/internal/api/track_state.go:14.33,17.3 2 1
github.com/groovarr/groovarr/backend/internal/api/track_state.go:20.2,25.32 5 1
github.com/groovarr/groovarr/backend/internal/api/track_state.go:25.32,28.3 2 1
github.com/groovarr/groovarr/backend/internal/api/track_state.go:31.2,33.112 2 1
github.com/groovarr/groovarr/backend/internal/api/track_state.go:33.112,36.3 2 1
github.com/groovarr/groovarr/backend/internal/api/track_state.go:37.2,38.16 2 1
github.com/groovarr/groovarr/backend/internal/api/track_state.go:38.16,41.3 2 1
github.com/groovarr/groovarr/backend/internal/api/track_state.go:42.2,43.16 2 1
github.com/groovarr/groovarr/backend/internal/api/track_state.go:43.16,46.3 2 1
github.com/groovarr/groovarr/backend/internal/api/track_state.go:49.2,52.61 2 1
github.com/groovarr/groovarr/backend/internal/api/track_state.go:52.61,55.3 2 1
github.com/groovarr/groovarr/backend/internal/api/track_state.go:57.2,58.29 2 1
github.com/groovarr/groovarr/backend/internal/api/track_state.go:58.29,61.3 2 1
github.com/groovarr/groovarr/backend/internal/api/track_state.go:64.2,64.21 1 1
github.com/groovarr/groovarr/backend/internal/api/track_state.go:64.21,65.78 1 1
github.com/groovarr/groovarr/backend/internal/api/track_state.go:65.78,68.4 2 0
github.com/groovarr/groovarr/backend/internal/api/track_state.go:69.8,70.92 1 1
github.com/groovarr/groovarr/backend/internal/api/track_state.go:70.92,73.4 2 0
github.com/groovarr/groovarr/backend/internal/api/track_state.go:77.2,78.62 2 1
github.com/groovarr/groovarr/backend/internal/api/track_state.go:82.38,83.62 1 1
github.com/groovarr/groovarr/backend/internal/api/track_state.go:83.62,83.80 1 1
github.com/groovarr/groovarr/backend/internal/api/track_state.go:87.55,89.22 2 1
github.com/groovarr/groovarr/backend/internal/api/track_state.go:89.22,90.11 1 1
github.com/groovarr/groovarr/backend/internal/api/track_state.go:90.11,92.4 1 1
github.com/groovarr/groovarr/backend/internal/api/track_state.go:94.2,94.10 1 1
github.com/groovarr/groovarr/backend/internal/api/track_state.go:98.41,100.2 1 1
github.com/groovarr/groovarr/backend/internal/api/track_state.go:102.41,104.2 1 0
